<testsuites id="" name="" tests="42" failures="0" skipped="42" errors="0" time="0.19457799999999997">
<testsuite name="client-management-improvements.spec.ts" timestamp="2025-11-14T14:26:47.196Z" hostname="chromium" tests="14" failures="0" skipped="14" time="0" errors="0">
<testcase name="Client Management UI Improvements › should display clients list with enhanced UI" classname="client-management-improvements.spec.ts" time="0">
<skipped>
</skipped>
</testcase>
<testcase name="Client Management UI Improvements › should navigate to client detail page" classname="client-management-improvements.spec.ts" time="0">
<skipped>
</skipped>
</testcase>
<testcase name="Client Management UI Improvements › should display client information on detail page" classname="client-management-improvements.spec.ts" time="0">
<skipped>
</skipped>
</testcase>
<testcase name="Client Management UI Improvements › should display analytics for client" classname="client-management-improvements.spec.ts" time="0">
<skipped>
</skipped>
</testcase>
<testcase name="Client Management UI Improvements › should add tags to client" classname="client-management-improvements.spec.ts" time="0">
<skipped>
</skipped>
</testcase>
<testcase name="Client Management UI Improvements › should remove tags from client" classname="client-management-improvements.spec.ts" time="0">
<skipped>
</skipped>
</testcase>
<testcase name="Client Management UI Improvements › should display communication tabs" classname="client-management-improvements.spec.ts" time="0">
<skipped>
</skipped>
</testcase>
<testcase name="Client Management UI Improvements › should log communication with client" classname="client-management-improvements.spec.ts" time="0">
<skipped>
</skipped>
</testcase>
<testcase name="Client Management UI Improvements › should display quote history in quotes tab" classname="client-management-improvements.spec.ts" time="0">
<skipped>
</skipped>
</testcase>
<testcase name="Client Management UI Improvements › should navigate back to clients list" classname="client-management-improvements.spec.ts" time="0">
<skipped>
</skipped>
</testcase>
<testcase name="Client Management UI Improvements › should filter communication by type" classname="client-management-improvements.spec.ts" time="0">
<skipped>
</skipped>
</testcase>
<testcase name="Client Management UI Improvements › should delete communication" classname="client-management-improvements.spec.ts" time="0">
<skipped>
</skipped>
</testcase>
<testcase name="Client Management UI Improvements › should show empty state for quotes when no quotes exist" classname="client-management-improvements.spec.ts" time="0">
<skipped>
</skipped>
</testcase>
<testcase name="Client Management UI Improvements › should display client metrics correctly" classname="client-management-improvements.spec.ts" time="0">
<skipped>
</skipped>
</testcase>
</testsuite>
<testsuite name="client-management-improvements.spec.ts" timestamp="2025-11-14T14:26:47.196Z" hostname="firefox" tests="14" failures="0" skipped="14" time="0" errors="0">
<testcase name="Client Management UI Improvements › should display clients list with enhanced UI" classname="client-management-improvements.spec.ts" time="0">
<skipped>
</skipped>
</testcase>
<testcase name="Client Management UI Improvements › should navigate to client detail page" classname="client-management-improvements.spec.ts" time="0">
<skipped>
</skipped>
</testcase>
<testcase name="Client Management UI Improvements › should display client information on detail page" classname="client-management-improvements.spec.ts" time="0">
<skipped>
</skipped>
</testcase>
<testcase name="Client Management UI Improvements › should display analytics for client" classname="client-management-improvements.spec.ts" time="0">
<skipped>
</skipped>
</testcase>
<testcase name="Client Management UI Improvements › should add tags to client" classname="client-management-improvements.spec.ts" time="0">
<skipped>
</skipped>
</testcase>
<testcase name="Client Management UI Improvements › should remove tags from client" classname="client-management-improvements.spec.ts" time="0">
<skipped>
</skipped>
</testcase>
<testcase name="Client Management UI Improvements › should display communication tabs" classname="client-management-improvements.spec.ts" time="0">
<skipped>
</skipped>
</testcase>
<testcase name="Client Management UI Improvements › should log communication with client" classname="client-management-improvements.spec.ts" time="0">
<skipped>
</skipped>
</testcase>
<testcase name="Client Management UI Improvements › should display quote history in quotes tab" classname="client-management-improvements.spec.ts" time="0">
<skipped>
</skipped>
</testcase>
<testcase name="Client Management UI Improvements › should navigate back to clients list" classname="client-management-improvements.spec.ts" time="0">
<skipped>
</skipped>
</testcase>
<testcase name="Client Management UI Improvements › should filter communication by type" classname="client-management-improvements.spec.ts" time="0">
<skipped>
</skipped>
</testcase>
<testcase name="Client Management UI Improvements › should delete communication" classname="client-management-improvements.spec.ts" time="0">
<skipped>
</skipped>
</testcase>
<testcase name="Client Management UI Improvements › should show empty state for quotes when no quotes exist" classname="client-management-improvements.spec.ts" time="0">
<skipped>
</skipped>
</testcase>
<testcase name="Client Management UI Improvements › should display client metrics correctly" classname="client-management-improvements.spec.ts" time="0">
<skipped>
</skipped>
</testcase>
</testsuite>
<testsuite name="client-management-improvements.spec.ts" timestamp="2025-11-14T14:26:47.196Z" hostname="webkit" tests="14" failures="0" skipped="14" time="0" errors="0">
<testcase name="Client Management UI Improvements › should display clients list with enhanced UI" classname="client-management-improvements.spec.ts" time="0">
<skipped>
</skipped>
</testcase>
<testcase name="Client Management UI Improvements › should navigate to client detail page" classname="client-management-improvements.spec.ts" time="0">
<skipped>
</skipped>
</testcase>
<testcase name="Client Management UI Improvements › should display client information on detail page" classname="client-management-improvements.spec.ts" time="0">
<skipped>
</skipped>
</testcase>
<testcase name="Client Management UI Improvements › should display analytics for client" classname="client-management-improvements.spec.ts" time="0">
<skipped>
</skipped>
</testcase>
<testcase name="Client Management UI Improvements › should add tags to client" classname="client-management-improvements.spec.ts" time="0">
<skipped>
</skipped>
</testcase>
<testcase name="Client Management UI Improvements › should remove tags from client" classname="client-management-improvements.spec.ts" time="0">
<skipped>
</skipped>
</testcase>
<testcase name="Client Management UI Improvements › should display communication tabs" classname="client-management-improvements.spec.ts" time="0">
<skipped>
</skipped>
</testcase>
<testcase name="Client Management UI Improvements › should log communication with client" classname="client-management-improvements.spec.ts" time="0">
<skipped>
</skipped>
</testcase>
<testcase name="Client Management UI Improvements › should display quote history in quotes tab" classname="client-management-improvements.spec.ts" time="0">
<skipped>
</skipped>
</testcase>
<testcase name="Client Management UI Improvements › should navigate back to clients list" classname="client-management-improvements.spec.ts" time="0">
<skipped>
</skipped>
</testcase>
<testcase name="Client Management UI Improvements › should filter communication by type" classname="client-management-improvements.spec.ts" time="0">
<skipped>
</skipped>
</testcase>
<testcase name="Client Management UI Improvements › should delete communication" classname="client-management-improvements.spec.ts" time="0">
<skipped>
</skipped>
</testcase>
<testcase name="Client Management UI Improvements › should show empty state for quotes when no quotes exist" classname="client-management-improvements.spec.ts" time="0">
<skipped>
</skipped>
</testcase>
<testcase name="Client Management UI Improvements › should display client metrics correctly" classname="client-management-improvements.spec.ts" time="0">
<skipped>
</skipped>
</testcase>
</testsuite>
</testsuites>